2026-05-07 22:01:36,339 [saat] INFO Fetching https://saat.kg/biylik/
2026-05-07 22:01:38,811 [saat] INFO Fetching https://saat.kg/biylik/page/2/
2026-05-07 22:01:41,226 [saat] INFO Fetching https://saat.kg/biylik/page/3/
2026-05-07 22:01:43,677 [saat] INFO Fetching https://saat.kg/biylik/page/4/
2026-05-07 22:01:46,198 [saat] INFO Fetching https://saat.kg/biylik/page/5/
2026-05-07 22:01:48,624 [saat] INFO Fetching https://saat.kg/biylik/page/6/
2026-05-07 22:01:50,987 [saat] INFO Fetching https://saat.kg/biylik/page/7/
2026-05-07 22:01:53,278 [saat] INFO Fetching https://saat.kg/biylik/page/8/
2026-05-07 22:01:55,576 [saat] INFO Fetching https://saat.kg/biylik/page/9/
2026-05-07 22:01:57,919 [saat] INFO Fetching https://saat.kg/biylik/page/10/
2026-05-07 22:02:00,458 [saat] INFO Fetching https://saat.kg/biylik/page/11/
2026-05-07 22:02:03,600 [saat] INFO Fetching https://saat.kg/biylik/page/12/
2026-05-07 22:02:06,643 [saat] INFO Fetching https://saat.kg/biylik/page/13/
2026-05-07 22:02:08,905 [saat] INFO Fetching https://saat.kg/biylik/page/14/
2026-05-07 22:02:11,246 [saat] INFO Fetching https://saat.kg/biylik/page/15/
2026-05-07 22:02:13,649 [saat] INFO Fetching https://saat.kg/biylik/page/16/
2026-05-07 22:02:16,557 [saat] INFO Fetching https://saat.kg/biylik/page/17/
2026-05-07 22:02:18,780 [saat] INFO Fetching https://saat.kg/biylik/page/18/
2026-05-07 22:02:21,581 [saat] INFO Fetching https://saat.kg/biylik/page/19/
2026-05-07 22:02:23,829 [saat] INFO Fetching https://saat.kg/biylik/page/20/
2026-05-07 22:02:26,025 [saat] INFO Fetching https://saat.kg/biylik/page/21/
2026-05-07 22:02:28,676 [saat] INFO Fetching https://saat.kg/biylik/page/22/
2026-05-07 22:02:31,680 [saat] INFO Fetching https://saat.kg/biylik/page/23/
2026-05-07 22:02:33,868 [saat] INFO Fetching https://saat.kg/biylik/page/24/
2026-05-07 22:02:37,032 [saat] INFO Fetching https://saat.kg/biylik/page/25/
2026-05-07 22:02:40,391 [saat] INFO Fetching https://saat.kg/biylik/page/26/
2026-05-07 22:02:44,105 [saat] INFO Fetching https://saat.kg/biylik/page/27/
2026-05-07 22:02:47,020 [saat] INFO Fetching https://saat.kg/biylik/page/28/
2026-05-07 22:02:49,980 [saat] INFO Fetching https://saat.kg/biylik/page/29/
2026-05-07 22:02:53,641 [saat] INFO Fetching https://saat.kg/biylik/page/30/
2026-05-07 22:02:57,279 [saat] INFO Fetching https://saat.kg/biylik/page/31/
2026-05-07 22:03:00,909 [saat] INFO Fetching https://saat.kg/biylik/page/32/
2026-05-07 22:03:04,587 [saat] INFO Fetching https://saat.kg/biylik/page/33/
2026-05-07 22:03:07,425 [saat] INFO Fetching https://saat.kg/biylik/page/34/
2026-05-07 22:03:10,285 [saat] INFO Fetching https://saat.kg/biylik/page/35/
2026-05-07 22:03:13,097 [saat] INFO Fetching https://saat.kg/biylik/page/36/
2026-05-07 22:03:16,012 [saat] INFO Fetching https://saat.kg/biylik/page/37/
2026-05-07 22:03:19,124 [saat] INFO Fetching https://saat.kg/biylik/page/38/
2026-05-07 22:03:22,096 [saat] INFO Fetching https://saat.kg/biylik/page/39/
2026-05-07 22:03:24,540 [saat] INFO Fetching https://saat.kg/biylik/page/40/
2026-05-07 22:03:27,244 [saat] INFO Fetching https://saat.kg/koom/
2026-05-07 22:03:29,466 [saat] INFO Fetching https://saat.kg/koom/page/2/
2026-05-07 22:03:31,854 [saat] INFO Fetching https://saat.kg/koom/page/3/
2026-05-07 22:03:34,366 [saat] INFO Fetching https://saat.kg/koom/page/4/
2026-05-07 22:03:36,764 [saat] INFO Fetching https://saat.kg/koom/page/5/
2026-05-07 22:03:39,467 [saat] INFO Fetching https://saat.kg/koom/page/6/
2026-05-07 22:03:41,636 [saat] INFO Fetching https://saat.kg/koom/page/7/
2026-05-07 22:03:43,826 [saat] INFO Fetching https://saat.kg/koom/page/8/
2026-05-07 22:03:46,321 [saat] INFO Fetching https://saat.kg/koom/page/9/
2026-05-07 22:03:48,472 [saat] INFO Fetching https://saat.kg/koom/page/10/
2026-05-07 22:03:50,763 [saat] INFO Fetching https://saat.kg/koom/page/11/
2026-05-07 22:03:53,139 [saat] INFO Fetching https://saat.kg/koom/page/12/
2026-05-07 22:03:56,529 [saat] INFO Fetching https://saat.kg/koom/page/13/
2026-05-07 22:03:58,768 [saat] INFO Fetching https://saat.kg/koom/page/14/
2026-05-07 22:04:00,949 [saat] INFO Fetching https://saat.kg/koom/page/15/
2026-05-07 22:04:03,254 [saat] INFO Fetching https://saat.kg/koom/page/16/
2026-05-07 22:04:07,020 [saat] INFO Fetching https://saat.kg/koom/page/17/
2026-05-07 22:04:09,536 [saat] INFO Fetching https://saat.kg/koom/page/18/
2026-05-07 22:04:13,151 [saat] INFO Fetching https://saat.kg/koom/page/19/
2026-05-07 22:04:15,560 [saat] INFO Fetching https://saat.kg/koom/page/20/
2026-05-07 22:04:19,222 [saat] INFO Fetching https://saat.kg/koom/page/21/
2026-05-07 22:04:22,271 [saat] INFO Fetching https://saat.kg/koom/page/22/
2026-05-07 22:04:25,717 [saat] INFO Fetching https://saat.kg/koom/page/23/
2026-05-07 22:04:27,915 [saat] INFO Fetching https://saat.kg/koom/page/24/
2026-05-07 22:04:31,108 [saat] INFO Fetching https://saat.kg/koom/page/25/
2026-05-07 22:04:34,005 [saat] INFO Fetching https://saat.kg/koom/page/26/
2026-05-07 22:04:37,032 [saat] INFO Fetching https://saat.kg/koom/page/27/
2026-05-07 22:04:39,973 [saat] INFO Fetching https://saat.kg/koom/page/28/
2026-05-07 22:04:42,312 [saat] INFO Fetching https://saat.kg/koom/page/29/
2026-05-07 22:04:45,118 [saat] INFO Fetching https://saat.kg/koom/page/30/
2026-05-07 22:04:47,475 [saat] INFO Fetching https://saat.kg/koom/page/31/
2026-05-07 22:04:50,693 [saat] INFO Fetching https://saat.kg/koom/page/32/
2026-05-07 22:04:53,707 [saat] INFO Fetching https://saat.kg/koom/page/33/
2026-05-07 22:04:58,402 [saat] INFO Fetching https://saat.kg/koom/page/34/
2026-05-07 22:05:01,222 [saat] INFO Fetching https://saat.kg/koom/page/35/
2026-05-07 22:05:04,012 [saat] INFO Fetching https://saat.kg/koom/page/36/
2026-05-07 22:05:06,374 [saat] INFO Fetching https://saat.kg/koom/page/37/
2026-05-07 22:05:09,307 [saat] INFO Fetching https://saat.kg/koom/page/38/
2026-05-07 22:05:12,235 [saat] INFO Fetching https://saat.kg/koom/page/39/
2026-05-07 22:05:15,233 [saat] INFO Fetching https://saat.kg/koom/page/40/
2026-05-07 22:05:18,271 [saat] INFO Fetching https://saat.kg/okuia/
2026-05-07 22:05:20,418 [saat] INFO Fetching https://saat.kg/okuia/page/2/
2026-05-07 22:05:22,604 [saat] INFO Fetching https://saat.kg/okuia/page/3/
2026-05-07 22:05:24,864 [saat] INFO Fetching https://saat.kg/okuia/page/4/
2026-05-07 22:05:27,143 [saat] INFO Fetching https://saat.kg/okuia/page/5/
2026-05-07 22:05:29,311 [saat] INFO Fetching https://saat.kg/okuia/page/6/
2026-05-07 22:05:31,650 [saat] INFO Fetching https://saat.kg/okuia/page/7/
2026-05-07 22:05:34,185 [saat] INFO Fetching https://saat.kg/okuia/page/8/
2026-05-07 22:05:36,390 [saat] INFO Fetching https://saat.kg/okuia/page/9/
2026-05-07 22:05:38,802 [saat] INFO Fetching https://saat.kg/okuia/page/10/
2026-05-07 22:05:41,203 [saat] INFO Fetching https://saat.kg/okuia/page/11/
2026-05-07 22:05:43,466 [saat] INFO Fetching https://saat.kg/okuia/page/12/
2026-05-07 22:05:46,413 [saat] INFO Fetching https://saat.kg/okuia/page/13/
2026-05-07 22:05:48,836 [saat] INFO Fetching https://saat.kg/okuia/page/14/
2026-05-07 22:05:51,743 [saat] INFO Fetching https://saat.kg/okuia/page/15/
2026-05-07 22:05:54,602 [saat] INFO Fetching https://saat.kg/okuia/page/16/
2026-05-07 22:05:56,970 [saat] INFO Fetching https://saat.kg/okuia/page/17/
2026-05-07 22:06:00,002 [saat] INFO Fetching https://saat.kg/okuia/page/18/
2026-05-07 22:06:02,908 [saat] INFO Fetching https://saat.kg/okuia/page/19/
2026-05-07 22:06:06,057 [saat] INFO Fetching https://saat.kg/okuia/page/20/
2026-05-07 22:06:08,596 [saat] INFO Fetching https://saat.kg/okuia/page/21/
2026-05-07 22:06:10,810 [saat] INFO Fetching https://saat.kg/okuia/page/22/
2026-05-07 22:06:13,109 [saat] INFO Fetching https://saat.kg/okuia/page/23/
2026-05-07 22:06:15,630 [saat] INFO Fetching https://saat.kg/okuia/page/24/
2026-05-07 22:06:17,938 [saat] INFO Fetching https://saat.kg/okuia/page/25/
2026-05-07 22:06:20,713 [saat] INFO Fetching https://saat.kg/okuia/page/26/
2026-05-07 22:06:23,778 [saat] INFO Fetching https://saat.kg/okuia/page/27/
2026-05-07 22:06:26,211 [saat] INFO Fetching https://saat.kg/okuia/page/28/
2026-05-07 22:06:28,599 [saat] INFO Fetching https://saat.kg/okuia/page/29/
2026-05-07 22:06:30,790 [saat] INFO Fetching https://saat.kg/okuia/page/30/
2026-05-07 22:06:33,789 [saat] INFO Fetching https://saat.kg/okuia/page/31/
2026-05-07 22:06:36,099 [saat] INFO Fetching https://saat.kg/okuia/page/32/
2026-05-07 22:06:38,535 [saat] INFO Fetching https://saat.kg/okuia/page/33/
2026-05-07 22:06:41,001 [saat] INFO Fetching https://saat.kg/okuia/page/34/
2026-05-07 22:06:43,226 [saat] INFO Fetching https://saat.kg/okuia/page/35/
2026-05-07 22:06:45,626 [saat] INFO Fetching https://saat.kg/okuia/page/36/
2026-05-07 22:06:48,644 [saat] INFO Fetching https://saat.kg/okuia/page/37/
2026-05-07 22:06:50,812 [saat] INFO Fetching https://saat.kg/okuia/page/38/
2026-05-07 22:06:53,874 [saat] INFO Fetching https://saat.kg/okuia/page/39/
2026-05-07 22:06:56,215 [saat] INFO Fetching https://saat.kg/okuia/page/40/
2026-05-07 22:06:59,109 [saat] INFO Fetching https://saat.kg/ekonomika/
2026-05-07 22:07:01,415 [saat] INFO Fetching https://saat.kg/ekonomika/page/2/
2026-05-07 22:07:03,885 [saat] INFO Fetching https://saat.kg/ekonomika/page/3/
2026-05-07 22:07:06,185 [saat] INFO Fetching https://saat.kg/ekonomika/page/4/
2026-05-07 22:07:08,483 [saat] INFO Fetching https://saat.kg/ekonomika/page/5/
2026-05-07 22:07:10,668 [saat] INFO Fetching https://saat.kg/ekonomika/page/6/
2026-05-07 22:07:12,855 [saat] INFO Fetching https://saat.kg/ekonomika/page/7/
2026-05-07 22:07:15,194 [saat] INFO Fetching https://saat.kg/ekonomika/page/8/
2026-05-07 22:07:17,359 [saat] INFO Fetching https://saat.kg/ekonomika/page/9/
2026-05-07 22:07:19,747 [saat] INFO Fetching https://saat.kg/ekonomika/page/10/
2026-05-07 23:32:11,238 [saat] WARNING HTTPSConnectionPool(host='saat.kg', port=443): Max retries exceeded with url: /2020/08/24/ch-jd-dajynsyz-ketken-ene-bala-izdel-d/ (Caused by NameResolutionError("<urllib3.connection.HTTPSConnection object at 0x0000026CD32BD010>: Failed to resolve 'saat.kg' ([Errno 11001] getaddrinfo failed)"))
2026-05-07 23:32:14,763 [saat] WARNING HTTPSConnectionPool(host='saat.kg', port=443): Max retries exceeded with url: /2020/12/10/moskvada-29-zhashtagy-kyrgyzstandyk-kelin-metrodo-t-r-d/ (Caused by NameResolutionError("<urllib3.connection.HTTPSConnection object at 0x0000026CD3C03A90>: Failed to resolve 'saat.kg' ([Errno 11001] getaddrinfo failed)"))
2026-05-07 23:32:18,264 [saat] WARNING HTTPSConnectionPool(host='saat.kg', port=443): Max retries exceeded with url: /2020/07/13/kyrgyzstanda-sutka-ichinde-5-meditsina-kyzmatkeri-kaza-tapty/ (Caused by NameResolutionError("<urllib3.connection.HTTPSConnection object at 0x0000026CD3C02010>: Failed to resolve 'saat.kg' ([Errno 11001] getaddrinfo failed)"))
2026-05-07 23:32:21,767 [saat] WARNING HTTPSConnectionPool(host='saat.kg', port=443): Max retries exceeded with url: /2021/02/12/kylychbek-abyshev-koopsuzduk-ke-eshinin-katchysynyn-orun-basarlygyna-dajyndaldy/ (Caused by NameResolutionError("<urllib3.connection.HTTPSConnection object at 0x0000026CD3BD83D0>: Failed to resolve 'saat.kg' ([Errno 11001] getaddrinfo failed)"))
2026-05-07 23:32:25,273 [saat] WARNING HTTPSConnectionPool(host='saat.kg', port=443): Max retries exceeded with url: /2020/12/09/finpol-avtomektepterdin-salyk-t-l-d-n-kachuu-shemasyn-anyktady/ (Caused by NameResolutionError("<urllib3.connection.HTTPSConnection object at 0x0000026CD3BDA290>: Failed to resolve 'saat.kg' ([Errno 11001] getaddrinfo failed)"))
2026-05-07 23:32:28,775 [saat] WARNING HTTPSConnectionPool(host='saat.kg', port=443): Max retries exceeded with url: /2020/05/18/sutka-ichinde-4-medkyzmatker-koronavirus-zhukturgan/ (Caused by NameResolutionError("<urllib3.connection.HTTPSConnection object at 0x0000026CD3C01210>: Failed to resolve 'saat.kg' ([Errno 11001] getaddrinfo failed)"))
2026-05-07 23:32:32,277 [saat] WARNING HTTPSConnectionPool(host='saat.kg', port=443): Max retries exceeded with url: /2021/01/18/bishkekte-4-klasstyn-okuuchulary-mektepke-baryp-bashtashty/ (Caused by NameResolutionError("<urllib3.connection.HTTPSConnection object at 0x0000026CD3C02310>: Failed to resolve 'saat.kg' ([Errno 11001] getaddrinfo failed)"))
2026-05-07 23:32:35,783 [saat] WARNING HTTPSConnectionPool(host='saat.kg', port=443): Max retries exceeded with url: /2020/01/10/ayal-akcha-uurdady-dep-uulun-unaaga-s-jr-tk-n-inisin-kechirdi-ish-nd-r-sht-n-kyskartyldy/ (Caused by NameResolutionError("<urllib3.connection.HTTPSConnection object at 0x0000026CD3C271D0>: Failed to resolve 'saat.kg' ([Errno 11001] getaddrinfo failed)"))
